Runtime cache directories pinned to: E:\Estrela\backend\data\\runtime_cache
Installing science dependencies (required for real training)...
Obtaining file:///E:/Estrela/backend
  Installing build dependencies: started
  Installing build dependencies: finished with status 'done'
  Checking if build backend supports build_editable: started
  Checking if build backend supports build_editable: finished with status 'done'
  Getting requirements to build editable: started
  Getting requirements to build editable: finished with status 'done'
  Preparing editable metadata (pyproject.toml): started
  Preparing editable metadata (pyproject.toml): finished with status 'done'
Requirement already satisfied: fastapi<0.117,>=0.116 in .\.venv\Lib\site-packages (from exoqml-backend==0.1.0) (0.116.2)
Requirement already satisfied: uvicorn<0.36,>=0.35 in .\.venv\Lib\site-packages (from uvicorn[standard]<0.36,>=0.35->exoqml-backend==0.1.0) (0.35.0)
Requirement already satisfied: sqlalchemy<2.1,>=2.0 in .\.venv\Lib\site-packages (from exoqml-backend==0.1.0) (2.0.48)
Requirement already satisfied: pydantic<2.12,>=2.11 in .\.venv\Lib\site-packages (from exoqml-backend==0.1.0) (2.11.10)
Requirement already satisfied: pydantic-settings<2.9,>=2.8 in .\.venv\Lib\site-packages (from exoqml-backend==0.1.0) (2.8.1)
Requirement already satisfied: numpy<3.0,>=2.2 in .\.venv\Lib\site-packages (from exoqml-backend==0.1.0) (2.4.2)
Requirement already satisfied: lightkurve<2.6,>=2.5 in .\.venv\Lib\site-packages (from exoqml-backend==0.1.0) (2.5.1)
Requirement already satisfied: torch<3.0,>=2.6 in .\.venv\Lib\site-packages (from exoqml-backend==0.1.0) (2.10.0+cu128)
Requirement already satisfied: psutil<6.2,>=6.1 in .\.venv\Lib\site-packages (from exoqml-backend==0.1.0) (6.1.1)
Requirement already satisfied: starlette<0.49.0,>=0.40.0 in .\.venv\Lib\site-packages (from fastapi<0.117,>=0.116->exoqml-backend==0.1.0) (0.48.0)
Requirement already satisfied: typing-extensions>=4.8.0 in .\.venv\Lib\site-packages (from fastapi<0.117,>=0.116->exoqml-backend==0.1.0) (4.15.0)
Requirement already satisfied: astropy>=5.0 in .\.venv\Lib\site-packages (from lightkurve<2.6,>=2.5->exoqml-backend==0.1.0) (7.2.0)
Requirement already satisfied: astroquery>=0.3.10 in .\.venv\Lib\site-packages (from lightkurve<2.6,>=2.5->exoqml-backend==0.1.0) (0.4.11)
Requirement already satisfied: beautifulsoup4>=4.6.0 in .\.venv\Lib\site-packages (from lightkurve<2.6,>=2.5->exoqml-backend==0.1.0) (4.14.3)
Requirement already satisfied: bokeh>=2.3.2 in .\.venv\Lib\site-packages (from lightkurve<2.6,>=2.5->exoqml-backend==0.1.0) (3.8.2)
Requirement already satisfied: fbpca>=1.0 in .\.venv\Lib\site-packages (from lightkurve<2.6,>=2.5->exoqml-backend==0.1.0) (1.0)
Requirement already satisfied: matplotlib>=3.1 in .\.venv\Lib\site-packages (from lightkurve<2.6,>=2.5->exoqml-backend==0.1.0) (3.10.8)
Requirement already satisfied: memoization>=0.3.1 in .\.venv\Lib\site-packages (from lightkurve<2.6,>=2.5->exoqml-backend==0.1.0) (0.4.0)
Requirement already satisfied: pandas>=1.3.6 in .\.venv\Lib\site-packages (from lightkurve<2.6,>=2.5->exoqml-backend==0.1.0) (3.0.1)
Requirement already satisfied: patsy>=0.5.0 in .\.venv\Lib\site-packages (from lightkurve<2.6,>=2.5->exoqml-backend==0.1.0) (1.0.2)
Requirement already satisfied: requests>=2.22.0 in .\.venv\Lib\site-packages (from lightkurve<2.6,>=2.5->exoqml-backend==0.1.0) (2.32.5)
Requirement already satisfied: s3fs>=2024.6.1 in .\.venv\Lib\site-packages (from lightkurve<2.6,>=2.5->exoqml-backend==0.1.0) (2026.2.0)
Requirement already satisfied: scikit-learn>=0.24.0 in .\.venv\Lib\site-packages (from lightkurve<2.6,>=2.5->exoqml-backend==0.1.0) (1.8.0)
Requirement already satisfied: scipy>=1.7 in .\.venv\Lib\site-packages (from lightkurve<2.6,>=2.5->exoqml-backend==0.1.0) (1.17.1)
Requirement already satisfied: tqdm>=4.25.0 in .\.venv\Lib\site-packages (from lightkurve<2.6,>=2.5->exoqml-backend==0.1.0) (4.67.3)
Requirement already satisfied: uncertainties>=3.1.4 in .\.venv\Lib\site-packages (from lightkurve<2.6,>=2.5->exoqml-backend==0.1.0) (3.2.3)
Requirement already satisfied: urllib3>=1.23 in .\.venv\Lib\site-packages (from lightkurve<2.6,>=2.5->exoqml-backend==0.1.0) (2.6.3)
Requirement already satisfied: annotated-types>=0.6.0 in .\.venv\Lib\site-packages (from pydantic<2.12,>=2.11->exoqml-backend==0.1.0) (0.7.0)
Requirement already satisfied: pydantic-core==2.33.2 in .\.venv\Lib\site-packages (from pydantic<2.12,>=2.11->exoqml-backend==0.1.0) (2.33.2)
Requirement already satisfied: typing-inspection>=0.4.0 in .\.venv\Lib\site-packages (from pydantic<2.12,>=2.11->exoqml-backend==0.1.0) (0.4.2)
Requirement already satisfied: python-dotenv>=0.21.0 in .\.venv\Lib\site-packages (from pydantic-settings<2.9,>=2.8->exoqml-backend==0.1.0) (1.2.2)
Requirement already satisfied: greenlet>=1 in .\.venv\Lib\site-packages (from sqlalchemy<2.1,>=2.0->exoqml-backend==0.1.0) (3.3.2)
Requirement already satisfied: anyio<5,>=3.6.2 in .\.venv\Lib\site-packages (from starlette<0.49.0,>=0.40.0->fastapi<0.117,>=0.116->exoqml-backend==0.1.0) (4.12.1)
Requirement already satisfied: idna>=2.8 in .\.venv\Lib\site-packages (from anyio<5,>=3.6.2->starlette<0.49.0,>=0.40.0->fastapi<0.117,>=0.116->exoqml-backend==0.1.0) (3.11)
Requirement already satisfied: filelock in .\.venv\Lib\site-packages (from torch<3.0,>=2.6->exoqml-backend==0.1.0) (3.25.0)
Requirement already satisfied: sympy>=1.13.3 in .\.venv\Lib\site-packages (from torch<3.0,>=2.6->exoqml-backend==0.1.0) (1.14.0)
Requirement already satisfied: networkx>=2.5.1 in .\.venv\Lib\site-packages (from torch<3.0,>=2.6->exoqml-backend==0.1.0) (3.6.1)
Requirement already satisfied: jinja2 in .\.venv\Lib\site-packages (from torch<3.0,>=2.6->exoqml-backend==0.1.0) (3.1.6)
Requirement already satisfied: fsspec>=0.8.5 in .\.venv\Lib\site-packages (from torch<3.0,>=2.6->exoqml-backend==0.1.0) (2026.2.0)
Requirement already satisfied: click>=7.0 in .\.venv\Lib\site-packages (from uvicorn<0.36,>=0.35->uvicorn[standard]<0.36,>=0.35->exoqml-backend==0.1.0) (8.3.1)
Requirement already satisfied: h11>=0.8 in .\.venv\Lib\site-packages (from uvicorn<0.36,>=0.35->uvicorn[standard]<0.36,>=0.35->exoqml-backend==0.1.0) (0.16.0)
Requirement already satisfied: colorama>=0.4 in .\.venv\Lib\site-packages (from uvicorn[standard]<0.36,>=0.35->exoqml-backend==0.1.0) (0.4.6)
Requirement already satisfied: httptools>=0.6.3 in .\.venv\Lib\site-packages (from uvicorn[standard]<0.36,>=0.35->exoqml-backend==0.1.0) (0.7.1)
Requirement already satisfied: pyyaml>=5.1 in .\.venv\Lib\site-packages (from uvicorn[standard]<0.36,>=0.35->exoqml-backend==0.1.0) (6.0.3)
Requirement already satisfied: watchfiles>=0.13 in .\.venv\Lib\site-packages (from uvicorn[standard]<0.36,>=0.35->exoqml-backend==0.1.0) (1.1.1)
Requirement already satisfied: websockets>=10.4 in .\.venv\Lib\site-packages (from uvicorn[standard]<0.36,>=0.35->exoqml-backend==0.1.0) (16.0)
Requirement already satisfied: pyerfa>=2.0.1.1 in .\.venv\Lib\site-packages (from astropy>=5.0->lightkurve<2.6,>=2.5->exoqml-backend==0.1.0) (2.0.1.5)
Requirement already satisfied: astropy-iers-data>=0.2025.10.27.0.39.10 in .\.venv\Lib\site-packages (from astropy>=5.0->lightkurve<2.6,>=2.5->exoqml-backend==0.1.0) (0.2026.3.2.0.47.4)
Requirement already satisfied: packaging>=22.0.0 in .\.venv\Lib\site-packages (from astropy>=5.0->lightkurve<2.6,>=2.5->exoqml-backend==0.1.0) (26.0)
Requirement already satisfied: html5lib>=0.999 in .\.venv\Lib\site-packages (from astroquery>=0.3.10->lightkurve<2.6,>=2.5->exoqml-backend==0.1.0) (1.1)
Requirement already satisfied: keyring>=15.0 in .\.venv\Lib\site-packages (from astroquery>=0.3.10->lightkurve<2.6,>=2.5->exoqml-backend==0.1.0) (25.7.0)
Requirement already satisfied: pyvo>=1.5 in .\.venv\Lib\site-packages (from astroquery>=0.3.10->lightkurve<2.6,>=2.5->exoqml-backend==0.1.0) (1.8.1)
Requirement already satisfied: soupsieve>=1.6.1 in .\.venv\Lib\site-packages (from beautifulsoup4>=4.6.0->lightkurve<2.6,>=2.5->exoqml-backend==0.1.0) (2.8.3)
Requirement already satisfied: contourpy>=1.2 in .\.venv\Lib\site-packages (from bokeh>=2.3.2->lightkurve<2.6,>=2.5->exoqml-backend==0.1.0) (1.3.3)
Requirement already satisfied: narwhals>=1.13 in .\.venv\Lib\site-packages (from bokeh>=2.3.2->lightkurve<2.6,>=2.5->exoqml-backend==0.1.0) (2.17.0)
Requirement already satisfied: pillow>=7.1.0 in .\.venv\Lib\site-packages (from bokeh>=2.3.2->lightkurve<2.6,>=2.5->exoqml-backend==0.1.0) (12.1.1)
Requirement already satisfied: tornado>=6.2 in .\.venv\Lib\site-packages (from bokeh>=2.3.2->lightkurve<2.6,>=2.5->exoqml-backend==0.1.0) (6.5.4)
Requirement already satisfied: xyzservices>=2021.09.1 in .\.venv\Lib\site-packages (from bokeh>=2.3.2->lightkurve<2.6,>=2.5->exoqml-backend==0.1.0) (2025.11.0)
Requirement already satisfied: six>=1.9 in .\.venv\Lib\site-packages (from html5lib>=0.999->astroquery>=0.3.10->lightkurve<2.6,>=2.5->exoqml-backend==0.1.0) (1.17.0)
Requirement already satisfied: webencodings in .\.venv\Lib\site-packages (from html5lib>=0.999->astroquery>=0.3.10->lightkurve<2.6,>=2.5->exoqml-backend==0.1.0) (0.5.1)
Requirement already satisfied: MarkupSafe>=2.0 in .\.venv\Lib\site-packages (from jinja2->torch<3.0,>=2.6->exoqml-backend==0.1.0) (3.0.3)
Requirement already satisfied: pywin32-ctypes>=0.2.0 in .\.venv\Lib\site-packages (from keyring>=15.0->astroquery>=0.3.10->lightkurve<2.6,>=2.5->exoqml-backend==0.1.0) (0.2.3)
Requirement already satisfied: importlib_metadata>=4.11.4 in .\.venv\Lib\site-packages (from keyring>=15.0->astroquery>=0.3.10->lightkurve<2.6,>=2.5->exoqml-backend==0.1.0) (8.7.1)
Requirement already satisfied: jaraco.classes in .\.venv\Lib\site-packages (from keyring>=15.0->astroquery>=0.3.10->lightkurve<2.6,>=2.5->exoqml-backend==0.1.0) (3.4.0)
Requirement already satisfied: jaraco.functools in .\.venv\Lib\site-packages (from keyring>=15.0->astroquery>=0.3.10->lightkurve<2.6,>=2.5->exoqml-backend==0.1.0) (4.4.0)
Requirement already satisfied: jaraco.context in .\.venv\Lib\site-packages (from keyring>=15.0->astroquery>=0.3.10->lightkurve<2.6,>=2.5->exoqml-backend==0.1.0) (6.1.1)
Requirement already satisfied: zipp>=3.20 in .\.venv\Lib\site-packages (from importlib_metadata>=4.11.4->keyring>=15.0->astroquery>=0.3.10->lightkurve<2.6,>=2.5->exoqml-backend==0.1.0) (3.23.0)
Requirement already satisfied: cycler>=0.10 in .\.venv\Lib\site-packages (from matplotlib>=3.1->lightkurve<2.6,>=2.5->exoqml-backend==0.1.0) (0.12.1)
Requirement already satisfied: fonttools>=4.22.0 in .\.venv\Lib\site-packages (from matplotlib>=3.1->lightkurve<2.6,>=2.5->exoqml-backend==0.1.0) (4.61.1)
Requirement already satisfied: kiwisolver>=1.3.1 in .\.venv\Lib\site-packages (from matplotlib>=3.1->lightkurve<2.6,>=2.5->exoqml-backend==0.1.0) (1.4.9)
Requirement already satisfied: pyparsing>=3 in .\.venv\Lib\site-packages (from matplotlib>=3.1->lightkurve<2.6,>=2.5->exoqml-backend==0.1.0) (3.3.2)
Requirement already satisfied: python-dateutil>=2.7 in .\.venv\Lib\site-packages (from matplotlib>=3.1->lightkurve<2.6,>=2.5->exoqml-backend==0.1.0) (2.9.0.post0)
Requirement already satisfied: tzdata in .\.venv\Lib\site-packages (from pandas>=1.3.6->lightkurve<2.6,>=2.5->exoqml-backend==0.1.0) (2025.3)
Requirement already satisfied: charset_normalizer<4,>=2 in .\.venv\Lib\site-packages (from requests>=2.22.0->lightkurve<2.6,>=2.5->exoqml-backend==0.1.0) (3.4.5)
Requirement already satisfied: certifi>=2017.4.17 in .\.venv\Lib\site-packages (from requests>=2.22.0->lightkurve<2.6,>=2.5->exoqml-backend==0.1.0) (2026.2.25)
Requirement already satisfied: aiobotocore<4.0.0,>=2.19.0 in .\.venv\Lib\site-packages (from s3fs>=2024.6.1->lightkurve<2.6,>=2.5->exoqml-backend==0.1.0) (3.2.1)
Requirement already satisfied: aiohttp!=4.0.0a0,!=4.0.0a1 in .\.venv\Lib\site-packages (from s3fs>=2024.6.1->lightkurve<2.6,>=2.5->exoqml-backend==0.1.0) (3.13.3)
Requirement already satisfied: aioitertools<1.0.0,>=0.5.1 in .\.venv\Lib\site-packages (from aiobotocore<4.0.0,>=2.19.0->s3fs>=2024.6.1->lightkurve<2.6,>=2.5->exoqml-backend==0.1.0) (0.13.0)
Requirement already satisfied: botocore<1.42.62,>=1.42.53 in .\.venv\Lib\site-packages (from aiobotocore<4.0.0,>=2.19.0->s3fs>=2024.6.1->lightkurve<2.6,>=2.5->exoqml-backend==0.1.0) (1.42.61)
Requirement already satisfied: jmespath<2.0.0,>=0.7.1 in .\.venv\Lib\site-packages (from aiobotocore<4.0.0,>=2.19.0->s3fs>=2024.6.1->lightkurve<2.6,>=2.5->exoqml-backend==0.1.0) (1.1.0)
Requirement already satisfied: multidict<7.0.0,>=6.0.0 in .\.venv\Lib\site-packages (from aiobotocore<4.0.0,>=2.19.0->s3fs>=2024.6.1->lightkurve<2.6,>=2.5->exoqml-backend==0.1.0) (6.7.1)
Requirement already satisfied: wrapt<3.0.0,>=1.10.10 in .\.venv\Lib\site-packages (from aiobotocore<4.0.0,>=2.19.0->s3fs>=2024.6.1->lightkurve<2.6,>=2.5->exoqml-backend==0.1.0) (2.1.2)
Requirement already satisfied: aiohappyeyeballs>=2.5.0 in .\.venv\Lib\site-packages (from aiohttp!=4.0.0a0,!=4.0.0a1->s3fs>=2024.6.1->lightkurve<2.6,>=2.5->exoqml-backend==0.1.0) (2.6.1)
Requirement already satisfied: aiosignal>=1.4.0 in .\.venv\Lib\site-packages (from aiohttp!=4.0.0a0,!=4.0.0a1->s3fs>=2024.6.1->lightkurve<2.6,>=2.5->exoqml-backend==0.1.0) (1.4.0)
Requirement already satisfied: attrs>=17.3.0 in .\.venv\Lib\site-packages (from aiohttp!=4.0.0a0,!=4.0.0a1->s3fs>=2024.6.1->lightkurve<2.6,>=2.5->exoqml-backend==0.1.0) (25.4.0)
Requirement already satisfied: frozenlist>=1.1.1 in .\.venv\Lib\site-packages (from aiohttp!=4.0.0a0,!=4.0.0a1->s3fs>=2024.6.1->lightkurve<2.6,>=2.5->exoqml-backend==0.1.0) (1.8.0)
Requirement already satisfied: propcache>=0.2.0 in .\.venv\Lib\site-packages (from aiohttp!=4.0.0a0,!=4.0.0a1->s3fs>=2024.6.1->lightkurve<2.6,>=2.5->exoqml-backend==0.1.0) (0.4.1)
Requirement already satisfied: yarl<2.0,>=1.17.0 in .\.venv\Lib\site-packages (from aiohttp!=4.0.0a0,!=4.0.0a1->s3fs>=2024.6.1->lightkurve<2.6,>=2.5->exoqml-backend==0.1.0) (1.23.0)
Requirement already satisfied: joblib>=1.3.0 in .\.venv\Lib\site-packages (from scikit-learn>=0.24.0->lightkurve<2.6,>=2.5->exoqml-backend==0.1.0) (1.5.3)
Requirement already satisfied: threadpoolctl>=3.2.0 in .\.venv\Lib\site-packages (from scikit-learn>=0.24.0->lightkurve<2.6,>=2.5->exoqml-backend==0.1.0) (3.6.0)
Requirement already satisfied: mpmath<1.4,>=1.1.0 in .\.venv\Lib\site-packages (from sympy>=1.13.3->torch<3.0,>=2.6->exoqml-backend==0.1.0) (1.3.0)
Requirement already satisfied: more-itertools in .\.venv\Lib\site-packages (from jaraco.classes->keyring>=15.0->astroquery>=0.3.10->lightkurve<2.6,>=2.5->exoqml-backend==0.1.0) (10.8.0)
Requirement already satisfied: backports.tarfile in .\.venv\Lib\site-packages (from jaraco.context->keyring>=15.0->astroquery>=0.3.10->lightkurve<2.6,>=2.5->exoqml-backend==0.1.0) (1.2.0)
Building wheels for collected packages: exoqml-backend
  Building editable for exoqml-backend (pyproject.toml): started
  Building editable for exoqml-backend (pyproject.toml): finished with status 'done'
  Created wheel for exoqml-backend: filename=exoqml_backend-0.1.0-0.editable-py3-none-any.whl size=3650 sha256=670f2fdc8672e590617145ac6f653765317452f91ab30a46e56076532ec8bca1
  Stored in directory: E:\Estrela\backend\data\runtime_cache\tmp\pip-ephem-wheel-cache-rc8yjtco\wheels\f4\1a\51\368aebf0a3feacb1a494bb658fded4ac5f4923276d003e977d
Successfully built exoqml-backend
Installing collected packages: exoqml-backend
  Attempting uninstall: exoqml-backend
    Found existing installation: exoqml-backend 0.1.0
    Uninstalling exoqml-backend-0.1.0:
      Successfully uninstalled exoqml-backend-0.1.0
Successfully installed exoqml-backend-0.1.0
NVIDIA GPU detected. Installing CUDA-enabled PyTorch wheel (cu128)...
Looking in indexes: https://download.pytorch.org/whl/cu128
Requirement already satisfied: torch==2.10.0+cu128 in .\.venv\Lib\site-packages (2.10.0+cu128)
Requirement already satisfied: filelock in .\.venv\Lib\site-packages (from torch==2.10.0+cu128) (3.25.0)
Requirement already satisfied: typing-extensions>=4.10.0 in .\.venv\Lib\site-packages (from torch==2.10.0+cu128) (4.15.0)
Requirement already satisfied: sympy>=1.13.3 in .\.venv\Lib\site-packages (from torch==2.10.0+cu128) (1.14.0)
Requirement already satisfied: networkx>=2.5.1 in .\.venv\Lib\site-packages (from torch==2.10.0+cu128) (3.6.1)
Requirement already satisfied: jinja2 in .\.venv\Lib\site-packages (from torch==2.10.0+cu128) (3.1.6)
Requirement already satisfied: fsspec>=0.8.5 in .\.venv\Lib\site-packages (from torch==2.10.0+cu128) (2026.2.0)
Requirement already satisfied: mpmath<1.4,>=1.1.0 in .\.venv\Lib\site-packages (from sympy>=1.13.3->torch==2.10.0+cu128) (1.3.0)
Requirement already satisfied: MarkupSafe>=2.0 in .\.venv\Lib\site-packages (from jinja2->torch==2.10.0+cu128) (3.0.3)
